#-----------------------------------------------------------
# Vivado v2018.3 (64-bit)
# SW Build 2405991 on Thu Dec  6 23:38:27 MST 2018
# IP Build 2404404 on Fri Dec  7 01:43:56 MST 2018
# Start of session at: Wed Jul 24 19:36:19 2019
# Process ID: 1808
# Current directory: C:/Users/Administrator.2013-20160223HK/Desktop/tetris_projec_2.0/tetris_basic
# Command line: vivado.exe -gui_launcher_event rodinguilauncherevent5660 C:\Users\Administrator.2013-20160223HK\Desktop\tetris_projec_2.0\tetris_basic\project_tetris_test.xpr
# Log file: C:/Users/Administrator.2013-20160223HK/Desktop/tetris_projec_2.0/tetris_basic/vivado.log
# Journal file: C:/Users/Administrator.2013-20160223HK/Desktop/tetris_projec_2.0/tetris_basic\vivado.jou
#-----------------------------------------------------------
start_gui
open_project C:/Users/Administrator.2013-20160223HK/Desktop/tetris_projec_2.0/tetris_basic/project_tetris_test.xpr
update_compile_order -fileset sources_1
update_compile_order -fileset sources_1
update_compile_order -fileset sources_1
